[localhost/taoui/immobilier/wp-content/themes/grouptaouidev/assets/Favicon/favicon.ico]
[localhost/taoui/immobilier/wp-content/themes/grouptaouidev/assets/Favicon/favicon-32x32.png]
[localhost/taoui/immobilier/wp-content/themes/grouptaouidev/assets/Favicon/favicon-16x16.png]
[localhost/taoui/immobilier/wp-content/themes/grouptaouidev/pwa/manifest.json]
[backblue.gif]
[fade.gif]
[index.html]
[localhost/taoui/immobilier/wp-content/themes/grouptaouidev/pwa/icons/apple-touch-icon-60x60.png]
[localhost/taoui/immobilier/wp-content/themes/grouptaouidev/pwa/icons/apple-touch-icon-76x76.png]
[localhost/taoui/immobilier/wp-content/themes/grouptaouidev/pwa/icons/apple-touch-icon-120x120.png]
[localhost/taoui/immobilier/wp-content/themes/grouptaouidev/pwa/icons/apple-touch-icon-152x152.png]
[localhost/taoui/immobilier/wp-content/themes/grouptaouidev/pwa/icons/apple-touch-icon-180x180.png]
[localhost/taoui/immobilier/wp-content/themes/grouptaouidev/pwa/icons/android-chrome-192x192.png]
[localhost/taoui/immobilier/wp-content/themes/grouptaouidev/pwa/icons/browserconfig.xml]
[localhost/taoui/immobilier/wp-content/themes/grouptaouidev/pwa/icons/mstile-144x144.png]
[localhost/taoui/immobilier/feed/index.html]
[localhost/taoui/immobilier/wp-content/uploads/2018/03/cropped-logo-groupetaoui.png]
[localhost/taoui/immobilier/comments/feed/index.html]
[ajax.googleapis.com/ajax/libs/jquery/3.3.1/jquery.min3d36.js]
[cdnjs.cloudflare.com/ajax/libs/popper.js/1.14.0/umd/popper.min3c21.js]
[localhost/taoui/immobilier/index.html]
[localhost/taoui/immobilier/wp-content/themes/grouptaouidev/style.css]
[localhost/taoui/immobilier/wp-content/themes/grouptaouidev/pwa/icons/safari-pinned-tab.svg]
[localhost/taoui/immobilier/wp-includes/css/dist/block-library/style.min3c21.css]
[localhost/taoui/immobilier/wp-content/themes/grouptaouidev/style3c21.css]
[localhost/taoui/immobilier/wp-content/themes/grouptaouidev/webfonts/fa-brands-400.eot]
[localhost/taoui/immobilier/wp-content/themes/grouptaouidev/webfonts/fa-brands-400d41d.eot]
[localhost/taoui/immobilier/wp-content/themes/grouptaouidev/webfonts/fa-brands-400.woff2]
[localhost/taoui/immobilier/wp-content/themes/grouptaouidev/webfonts/fa-brands-400.woff]
[localhost/taoui/immobilier/wp-content/themes/grouptaouidev/webfonts/fa-brands-400.ttf]
[localhost/taoui/immobilier/wp-content/themes/grouptaouidev/webfonts/fa-regular-400.eot]
[localhost/taoui/immobilier/wp-content/themes/grouptaouidev/webfonts/fa-regular-400.woff2]
[localhost/taoui/immobilier/wp-content/themes/grouptaouidev/webfonts/fa-regular-400d41d.eot]
[localhost/taoui/immobilier/wp-content/themes/grouptaouidev/webfonts/fa-regular-400.woff]
[localhost/taoui/immobilier/wp-content/themes/grouptaouidev/webfonts/fa-regular-400.ttf]
[localhost/taoui/immobilier/wp-content/themes/grouptaouidev/webfonts/fa-solid-900.eot]
[localhost/taoui/immobilier/wp-content/themes/grouptaouidev/webfonts/fa-solid-900.woff2]
[localhost/taoui/immobilier/wp-content/themes/grouptaouidev/webfonts/fa-solid-900d41d.eot]
[localhost/taoui/immobilier/wp-content/themes/grouptaouidev/webfonts/fa-solid-900.woff]
[localhost/taoui/immobilier/wp-content/themes/grouptaouidev/webfonts/fa-solid-900.ttf]
[localhost/taoui/immobilier/wp-content/themes/grouptaouidev/css/fontawesome-all.min066b.css]
[localhost/taoui/immobilier/wp-content/uploads/2018/03/LO-SITE.jpg]
[localhost/taoui/immobilier/wp-content/uploads/2018/03/Residence-errahma.jpg]
[localhost/taoui/immobilier/wp-content/uploads/2018/03/Residence-lahraouyine.jpg]
[localhost/taoui/immobilier/wp-content/uploads/2018/03/resifence-carmen-.jpg]
[localhost/taoui/immobilier/wp-content/uploads/2018/03/Residence-filda.jpg]
[localhost/taoui/immobilier/wp-content/uploads/2018/03/resifence-nour.jpg]
[localhost/taoui/immobilier/wp-content/uploads/2018/03/Résidence-matisse.jpg]
[localhost/taoui/immobilier/wp-content/uploads/2018/02/Residence-eden-th.jpg]
[localhost/taoui/immobilier/wp-content/uploads/2018/03/Residence-eglantine-.jpg]
[localhost/taoui/immobilier/wp-content/uploads/2018/03/Residence-jacinth-th.jpg]
[localhost/taoui/immobilier/wp-content/uploads/2018/03/Residence-dolce-vita-1.jpg]
[localhost/taoui/immobilier/wp-content/uploads/2018/03/Residence-duo-verde.jpg]
[localhost/taoui/immobilier/wp-content/themes/grouptaouidev/assets/img/clients/1.jpg]
[localhost/taoui/immobilier/wp-content/themes/grouptaouidev/assets/img/clients/2.jpg]
[localhost/taoui/immobilier/wp-content/themes/grouptaouidev/assets/img/clients/3.jpg]
[taouideveloppement.com/assets/front/images/logo-bp.png]
[taouideveloppement.com/assets/front/images/logo-credit-agricole.png]
[taouideveloppement.com/assets/front/images/umnia.jpg]
[taouideveloppement.com/assets/front/images/logo-wafa.png]
[localhost/taoui/immobilier/le-groupe/index.html]
[localhost/taoui/immobilier/wp-content/uploads/2018/03/RES-MATISSE-MOD-MOY.jpg]
[localhost/taoui/immobilier/wp-content/uploads/2018/03/RES-DUO-VERDE-.jpg]
[localhost/taoui/immobilier/wp-content/uploads/2018/03/RESIDENCE-DOLCE-VITA.jpg]
[localhost/taoui/immobilier/wp-content/uploads/2018/03/RES-JACINTH-2.jpg]
[localhost/taoui/immobilier/wp-content/uploads/2018/03/RESIDENCE-EGLANTINE.jpg]
[localhost/taoui/immobilier/wp-content/uploads/2018/02/RES-EDEN-MOY.jpg]
[localhost/taoui/immobilier/haut-standing/index.html]
[localhost/taoui/immobilier/wp-content/uploads/2018/03/RESIDENCE-CARMEN-.jpg]
[localhost/taoui/immobilier/wp-content/uploads/2018/03/RESIDENCE-FILDA-MOY.jpg]
[localhost/taoui/immobilier/wp-content/uploads/2018/03/RESIDENCE-NOUR.jpg]
[localhost/taoui/immobilier/moyen-standing/index.html]
[localhost/taoui/immobilier/wp-content/uploads/2018/03/RESIDENCE-OULMES-III.jpg]
[localhost/taoui/immobilier/wp-content/uploads/2018/03/RESIDENCE-OULMES-II.jpg]
[localhost/taoui/immobilier/social/index.html]
[www.google.com/recaptcha/api3c21.js]
[localhost/taoui/immobilier/contact/index.html]
[localhost/taoui/immobilier/indexa80c.html]
[localhost/taoui/immobilier/indexccf8.html]
[localhost/taoui/immobilier/indexa09e.html]
[localhost/taoui/immobilier/index8e01.html]
[localhost/taoui/immobilier/index9c2b.html]
[localhost/taoui/immobilier/indexc140.html]
[localhost/taoui/immobilier/index5721.html]
[localhost/taoui/immobilier/index78d6.html]
[localhost/taoui/immobilier/indexba1b.html]
[localhost/taoui/immobilier/index4e6a.html]
[localhost/taoui/immobilier/mentions-legales/index.html]
[localhost/taoui/immobilier/wp-content/themes/grouptaouidev/js/customscriptf269.js]
[localhost/taoui/immobilier/wp-content/themes/grouptaouidev/pwa/register-sw8a54.js]
[localhost/taoui/immobilier/wp-includes/js/wp-embed.min3c21.js]
[localhost/taoui/immobilier/wp-content/themes/grouptaouidev/assets/img/bgprogrammelists.jpg]
[localhost/taoui/immobilier/wp-content/themes/grouptaouidev/assets/img/bg-pattern.png]
[localhost/taoui/immobilier/wp-content/themes/grouptaouidev/assets/img/section-gradient-dark.png]
[localhost/taoui/immobilier/wp-content/themes/grouptaouidev/css/styles.css]
[localhost/taoui/immobilier/wp-content/themes/grouptaouidev/webfonts/fa-brands-400.svg]
[localhost/taoui/immobilier/wp-content/themes/grouptaouidev/webfonts/fa-regular-400.svg]
[localhost/taoui/immobilier/wp-content/themes/grouptaouidev/webfonts/fa-solid-900.svg]
[localhost/taoui/immobilier/wp-content/themes/grouptaouidev/css/magnific-popup.minf488.css]
[localhost/taoui/immobilier/wp-content/themes/grouptaouidev/css/owl.carousel.min95b8.css]
[localhost/taoui/immobilier/wp-content/themes/grouptaouidev/css/owl.theme.default.min95b8.css]
[localhost/taoui/immobilier/wp-content/uploads/2018/03/RES-SOCIAL-2.jpg]
[localhost/taoui/immobilier/social/residence-errahma/index.html]
[localhost/taoui/immobilier/category/social/index.html]
[localhost/taoui/immobilier/tag/errahma/index.html]
[localhost/taoui/immobilier/tag/parking-securise-24-24/index.html]
[localhost/taoui/immobilier/social/residence-lahraouyine/index.html]
[localhost/taoui/immobilier/tag/lahraouiyine/index.html]
[localhost/taoui/immobilier/moyen-standing/residence-carmen/index.html]
[localhost/taoui/immobilier/category/moyen-standing/index.html]
[localhost/taoui/immobilier/tag/maarif-extension/index.html]
[localhost/taoui/immobilier/tag/securise-24-24/index.html]
[localhost/taoui/immobilier/moyen-standing/residence-filda/index.html]
[localhost/taoui/immobilier/tag/derb-ghalef/index.html]
[localhost/taoui/immobilier/wp-content/uploads/2018/03/RES-MOYEN-STANDING-nour.jpg]
[localhost/taoui/immobilier/moyen-standing/residence-nour/index.html]
[localhost/taoui/immobilier/tag/khouzama/index.html]
[localhost/taoui/immobilier/haut-standing/residence-matisse/index.html]
[localhost/taoui/immobilier/category/haut-standing/index.html]
[localhost/taoui/immobilier/tag/france-ville/index.html]
[localhost/taoui/immobilier/tag/parking-sous-sol/index.html]
[localhost/taoui/immobilier/indexd8a2.html]
[localhost/taoui/immobilier/indexcca8.html]
[localhost/taoui/immobilier/indexf00b.html]
[localhost/taoui/immobilier/indexeb73.html]
[localhost/taoui/immobilier/indexe0f8.html]
[localhost/taoui/immobilier/index8b07.html]
[localhost/taoui/immobilier/index3eeb.html]
[localhost/taoui/immobilier/index56ae.html]
[localhost/taoui/immobilier/index3a83.html]
[localhost/taoui/immobilier/index31e5.html]
[localhost/taoui/immobilier/indexf739.html]
[localhost/taoui/immobilier/wp-content/themes/grouptaouidev/js/jquery.magnific-popup.minf488.js]
[localhost/taoui/immobilier/wp-content/themes/grouptaouidev/js/owl.carousel.min95b8.js]
[localhost/taoui/immobilier/wp-content/themes/grouptaouidev/js/slick.minaff7.js]
[localhost/taoui/immobilier/haut-standing/residence-duo-verde/index.html]
[localhost/taoui/immobilier/haut-standing/residence-dolce-vita/index.html]
[localhost/taoui/immobilier/haut-standing/residence-jacinth/index.html]
[localhost/taoui/immobilier/haut-standing/residence-eglantine/index.html]
[localhost/taoui/immobilier/haut-standing/residence-eden/index.html]
[localhost/taoui/immobilier/haut-standing/index8013.html]
[localhost/taoui/immobilier/haut-standing/indexc008.html]
[localhost/taoui/immobilier/haut-standing/index3989.html]
[localhost/taoui/immobilier/tag/oasis/index.html]
[localhost/taoui/immobilier/tag/val-fleuri/index.html]
[localhost/taoui/immobilier/tag/ferme-bretonne/index.html]
[localhost/taoui/immobilier/moyen-standing/index2d92.html]
[localhost/taoui/immobilier/moyen-standing/indexfe15.html]
[localhost/taoui/immobilier/moyen-standing/index5837.html]
[localhost/taoui/immobilier/social/indexa775.html]
[localhost/taoui/immobilier/social/index6761.html]
[localhost/taoui/immobilier/CSSStyleSheet.html]
[localhost/taoui/immobilier/image.html]
[localhost/taoui/immobilier/script.html]
[localhost/taoui/immobilier/${origin}/wp-content/themes/${themeName}/pwa/ios-share-icon.html]
[localhost/taoui/immobilier/${origin}/wp-content/themes/${themeName}/pwa/ios-add-new-icon.html]
[localhost/taoui/immobilier/wp-content/themes/grouptaouidev/css/owl.video.play.html]
[maxcdn.bootstrapcdn.com/bootstrap/4.3.1/js/bootstrap.mincce7.js]
